V3 15
FL /home/torben/Documents/DHBW/EDS_19/Projekte_19/15_cpu/alu.vhd 2020/11/18.10:41:52 O.87xd
EN work/alu 1605693325 \
      FL /home/torben/Documents/DHBW/EDS_19/Projekte_19/15_cpu/alu.vhd \
      PB ieee/std_logic_1164 1325952872 PB ieee/STD_LOGIC_UNSIGNED 1325952875 \
      PB ieee/NUMERIC_STD 1325952877
AR work/alu/Behavioral 1605693326 \
      FL /home/torben/Documents/DHBW/EDS_19/Projekte_19/15_cpu/alu.vhd \
      EN work/alu 1605693325
FL /home/torben/Documents/DHBW/EDS_19/Projekte_19/15_cpu/counter.vhd 2020/10/21.08:42:33 O.87xd
EN work/counter 1605693321 \
      FL /home/torben/Documents/DHBW/EDS_19/Projekte_19/15_cpu/counter.vhd \
      PB ieee/std_logic_1164 1325952872 PB ieee/STD_LOGIC_UNSIGNED 1325952875 \
      PB ieee/NUMERIC_STD 1325952877
AR work/counter/Behavioral 1605693322 \
      FL /home/torben/Documents/DHBW/EDS_19/Projekte_19/15_cpu/counter.vhd \
      EN work/counter 1605693321
FL /home/torben/Documents/DHBW/EDS_19/Projekte_19/15_cpu/cpu.vhd 2020/11/18.07:38:54 O.87xd
EN work/cpu 1605693327 \
      FL /home/torben/Documents/DHBW/EDS_19/Projekte_19/15_cpu/cpu.vhd \
      PB ieee/std_logic_1164 1325952872
AR work/cpu/Behavioral 1605693328 \
      FL /home/torben/Documents/DHBW/EDS_19/Projekte_19/15_cpu/cpu.vhd \
      EN work/cpu 1605693327 CP work/counter CP rom CP work/alu
FL /home/torben/Documents/DHBW/EDS_19/Projekte_19/15_cpu/ipcore_dir/rom.vhd 2020/11/18.10:55:13 O.87xd
EN work/rom 1605693323 \
      FL /home/torben/Documents/DHBW/EDS_19/Projekte_19/15_cpu/ipcore_dir/rom.vhd \
      PB ieee/std_logic_1164 1325952872
AR work/rom/rom_a 1605693324 \
      FL /home/torben/Documents/DHBW/EDS_19/Projekte_19/15_cpu/ipcore_dir/rom.vhd \
      EN work/rom 1605693323
